c:\dx11sidescrolegames\project1\project1\x64\debug\vc143.pdb
c:\dx11sidescrolegames\project1\project1\x64\debug\vc143.idb
c:\dx11sidescrolegames\project1\project1\x64\debug\window.obj
c:\dx11sidescrolegames\project1\project1\x64\debug\renderer.obj
c:\dx11sidescrolegames\project1\project1\x64\debug\main.obj
c:\dx11sidescrolegames\project1\project1\x64\debug\application.obj
c:\dx11sidescrolegames\project1\project1\x64\debug\triangle.obj
c:\dx11sidescrolegames\project1\project1\x64\debug\project1.pch
c:\dx11sidescrolegames\project1\project1\x64\debug\pch.obj
c:\dx11sidescrolegames\project1\project1\x64\debug\debug.obj
c:\dx11sidescrolegames\project1\x64\debug\pixelshader.cso
c:\dx11sidescrolegames\project1\x64\debug\vertexshader.cso
c:\dx11sidescrolegames\project1\x64\debug\project1.exe
c:\dx11sidescrolegames\project1\x64\debug\project1.pdb
c:\dx11sidescrolegames\project1\project1\x64\debug\project1.ilk
c:\dx11sidescrolegames\project1\project1\x64\debug\application.obj.enc
c:\dx11sidescrolegames\project1\project1\x64\debug\main.obj.enc
c:\dx11sidescrolegames\project1\project1\x64\debug\renderer.obj.enc
c:\dx11sidescrolegames\project1\project1\x64\debug\project1.tlog\cl.command.1.tlog
c:\dx11sidescrolegames\project1\project1\x64\debug\project1.tlog\cl.items.tlog
c:\dx11sidescrolegames\project1\project1\x64\debug\project1.tlog\cl.read.1.tlog
c:\dx11sidescrolegames\project1\project1\x64\debug\project1.tlog\cl.write.1.tlog
c:\dx11sidescrolegames\project1\project1\x64\debug\project1.tlog\fxc.command.1.tlog
c:\dx11sidescrolegames\project1\project1\x64\debug\project1.tlog\fxc.read.1.tlog
c:\dx11sidescrolegames\project1\project1\x64\debug\project1.tlog\fxc.write.1.tlog
c:\dx11sidescrolegames\project1\project1\x64\debug\project1.tlog\link.command.1.tlog
c:\dx11sidescrolegames\project1\project1\x64\debug\project1.tlog\link.read.1.tlog
c:\dx11sidescrolegames\project1\project1\x64\debug\project1.tlog\link.secondary.1.tlog
c:\dx11sidescrolegames\project1\project1\x64\debug\project1.tlog\link.write.1.tlog
